2026-04-06 00:09:07,868	WARNING ppo_torch_rl_module.py:8 -- DeprecationWarning: `ray.rllib.algorithms.ppo.torch.ppo_torch_rl_module.PPOTorchRLModule` has been deprecated. Use `ray.rllib.algorithms.ppo.torch.default_ppo_torch_rl_module.DefaultPPOTorchRLModule` instead. This will raise an error in the future!
2026-04-06 00:09:10,258	INFO worker.py:2013 -- Started a local Ray instance.
/opt/anaconda3/lib/python3.13/site-packages/ray/_private/worker.py:2052: FutureWarning: Tip: In future versions of Ray, Ray will no longer override accelerator visible devices env var if num_gpus=0 or num_gpus=None (default). To enable this behavior and turn off this error message, set RAY_ACCEL_ENV_VAR_OVERRIDE_ON_ZERO=0
  warnings.warn(
2026-04-06 00:09:11,039	WARNING algorithm_config.py:5131 -- You are running PPO on the new API stack! This is the new default behavior for this algorithm. If you don't want to use the new API stack, set `config.api_stack(enable_rl_module_and_learner=False,enable_env_runner_and_connector_v2=False)`. For a detailed migration guide, see here: https://docs.ray.io/en/master/rllib/new-api-stack-migration-guide.html
/opt/anaconda3/lib/python3.13/site-packages/ray/rllib/algorithms/algorithm.py:527: RayDeprecationWarning: This API is deprecated and may be removed in future Ray releases. You could suppress this warning by setting env variable PYTHONWARNINGS="ignore::DeprecationWarning"
`UnifiedLogger` will be removed in Ray 2.7.
  return UnifiedLogger(config, logdir, loggers=None)
/opt/anaconda3/lib/python3.13/site-packages/ray/tune/logger/unified.py:53: RayDeprecationWarning: This API is deprecated and may be removed in future Ray releases. You could suppress this warning by setting env variable PYTHONWARNINGS="ignore::DeprecationWarning"
The `JsonLogger interface is deprecated in favor of the `ray.tune.json.JsonLoggerCallback` interface and will be removed in Ray 2.7.
  self._loggers.append(cls(self.config, self.logdir, self.trial))
/opt/anaconda3/lib/python3.13/site-packages/ray/tune/logger/unified.py:53: RayDeprecationWarning: This API is deprecated and may be removed in future Ray releases. You could suppress this warning by setting env variable PYTHONWARNINGS="ignore::DeprecationWarning"
The `CSVLogger interface is deprecated in favor of the `ray.tune.csv.CSVLoggerCallback` interface and will be removed in Ray 2.7.
  self._loggers.append(cls(self.config, self.logdir, self.trial))
/opt/anaconda3/lib/python3.13/site-packages/ray/tune/logger/unified.py:53: RayDeprecationWarning: This API is deprecated and may be removed in future Ray releases. You could suppress this warning by setting env variable PYTHONWARNINGS="ignore::DeprecationWarning"
The `TBXLogger interface is deprecated in favor of the `ray.tune.tensorboardx.TBXLoggerCallback` interface and will be removed in Ray 2.7.
  self._loggers.append(cls(self.config, self.logdir, self.trial))
[2026-04-06 00:09:11,159 E 9898 12489527] core_worker.cc:2232: Actor with class name: 'MultiAgentEnvRunner' and ID: '199c0f6f7dfa4b98d33b848101000000' has constructor arguments in the object store and max_restarts > 0. If the arguments in the object store go out of scope or are lost, the actor restart will fail. See https://github.com/ray-project/ray/issues/53727 for more details.
[36m(MultiAgentEnvRunner pid=9914)[0m DeprecationWarning: `ray.rllib.algorithms.ppo.torch.ppo_torch_rl_module.PPOTorchRLModule` has been deprecated. Use `ray.rllib.algorithms.ppo.torch.default_ppo_torch_rl_module.DefaultPPOTorchRLModule` instead. This will raise an error in the future!
[36m(MultiAgentEnvRunner pid=9914)[0m DeprecationWarning: `RLModule(config=[RLModuleConfig object])` has been deprecated. Use `RLModule(observation_space=.., action_space=.., inference_only=.., model_config=.., catalog_class=..)` instead. This will raise an error in the future!
2026-04-06 00:09:12,674	WARNING rl_module.py:463 -- DeprecationWarning: `RLModule(config=[RLModuleConfig object])` has been deprecated. Use `RLModule(observation_space=.., action_space=.., inference_only=.., model_config=.., catalog_class=..)` instead. This will raise an error in the future!
2026-04-06 00:09:13,602	WARNING util.py:62 -- Install gputil for GPU system monitoring.
Traceback (most recent call last):
  File "<frozen runpy>", line 198, in _run_module_as_main
  File "<frozen runpy>", line 88, in _run_code
  File "/Users/hdgehrke/Github_Cloning/Ticket-To-Ride_code/ttr_game/agents/train.py", line 310, in <module>
    train(
    ~~~~~^
        num_players=args.num_players,
        ^^^^^^^^^^^^^^^^^^^^^^^^^^^^^
    ...<5 lines>...
        **exp_kwargs,
        ^^^^^^^^^^^^^
    )
    ^
  File "/Users/hdgehrke/Github_Cloning/Ticket-To-Ride_code/ttr_game/agents/train.py", line 150, in train
    final = algo.save(checkpoint_dir)
  File "/opt/anaconda3/lib/python3.13/site-packages/ray/tune/trainable/trainable.py", line 487, in save
    checkpoint_dict_or_path = self.save_checkpoint(checkpoint_dir)
  File "/opt/anaconda3/lib/python3.13/site-packages/ray/rllib/algorithms/algorithm.py", line 3031, in save_checkpoint
    self.save_to_path(
    ~~~~~~~~~~~~~~~~~^
        checkpoint_dir,
        ^^^^^^^^^^^^^^^
        use_msgpack=self.config._use_msgpack_checkpoints,
        ^^^^^^^^^^^^^^^^^^^^^^^^^^^^^^^^^^^^^^^^^^^^^^^^^
    )
    ^
  File "/opt/anaconda3/lib/python3.13/site-packages/ray/rllib/utils/checkpoints.py", line 164, in save_to_path
    filesystem, path = pyarrow.fs.FileSystem.from_uri(path)
                       ~~~~~~~~~~~~~~~~~~~~~~~~~~~~~~^^^^^^
  File "pyarrow/_fs.pyx", line 477, in pyarrow._fs.FileSystem.from_uri
  File "pyarrow/error.pxi", line 155, in pyarrow.lib.pyarrow_internal_check_status
  File "pyarrow/error.pxi", line 92, in pyarrow.lib.check_status
pyarrow.lib.ArrowInvalid: URI has empty scheme: './checkpoints/players_2'
[36m(MultiAgentEnvRunner pid=9911)[0m DeprecationWarning: `ray.rllib.algorithms.ppo.torch.ppo_torch_rl_module.PPOTorchRLModule` has been deprecated. Use `ray.rllib.algorithms.ppo.torch.default_ppo_torch_rl_module.DefaultPPOTorchRLModule` instead. This will raise an error in the future!
[36m(MultiAgentEnvRunner pid=9911)[0m DeprecationWarning: `RLModule(config=[RLModuleConfig object])` has been deprecated. Use `RLModule(observation_space=.., action_space=.., inference_only=.., model_config=.., catalog_class=..)` instead. This will raise an error in the future!
PPO self-play | 2 players | 2 iters | variant=all 5 expansions
  iter    1  reward_mean=+33.8  episodes=23
  iter    2  reward_mean=+37.1  episodes=25
